flag provided but not defined: -z
  -dir string
    	Override dnsmasq directory (default "/etc/dnsmasq.d")
  -f <file>
    	<file> # Load a config.boot file
  -h	Display help
  -safe
    	Fail over to /config/user-data/blacklist.failover.cfg
  -v	Verbose display
  -version
    	Show version
